
########## old #########
[-0.2526802630073405+0j,0.026839455564346016+-0.30608104506282685j,0.026700391027743187+0.22639706558940578j,-0.07968397947342107+0.2126296764657257j,0.026839455564346016+0.30608104506282685j,0.17327441260712506+0j,-0.3056638514530184+-0.17230096085090527j,-0.25254119847073764+0.1325285033824961j,0.026700391027743187+-0.22639706558940578j,-0.3056638514530184+0.17230096085090527j,-0.09359043313370398+0j,-0.07926678586361258+-0.13225037430929049j,-0.07968397947342107+-0.2126296764657257j,-0.25254119847073764+-0.1325285033824961j,-0.07926678586361258+0.13225037430929049j,0.2122124828559172+0j,]
,[0.5+0j,-0.4+0.9j,-0.2+-0.9j,-0+-0.2j,-0.4+-0.9j,-0.9+0j,0.3+-0.5j,0.3+0.4j,-0.2+0.9j,0.3+0.5j,0.9+0j,-0.6+-0.8j,-0+0.2j,0.3+-0.4j,-0.6+0.8j,0.4+0j,]
,[0.00000000000000003796935796825334+-0.2609798303737329j,0.3124910175815508+0.03533402466156842j,-0.16785105989133053+0.013281337904012825j,-0.2529650675948871+-0.07915011526576596j,-0.3124910175815508+0.035334024661568326j,-0.00000000000000002517318671451773+0.207223705073234j,0.1940407918282598+-0.22336898658862098j,-0.08781148526116542+-0.301581927927019j,0.16785105989133053+0.013281337904012891j,-0.19404079182825973+-0.22336898658862106j,0.000000000000000012954793046120097+-0.14678497335731214j,0.08906704156385833+-0.12072426331038344j,0.2529650675948872+-0.07915011526576589j,0.08781148526116551+-0.301581927927019j,-0.08906704156385829+-0.1207242633103835j,-0.000000000000000033160160701064996+0.23443598363091467j,]
,[0.12887851235457745+0.0000000000000003836941042816404j,0.015567091143223128+0.20026464047490808j,-0.09576287952439914+-0.30742484001396436j,0.034338981159214674+0.006510583304059218j,0.01556709114322412+-0.2002646404749081j,-0.09305866608778227+-0.00000000000000044215950770283198j,0.4658527285682895+-0.024599386904480734j,0.03264997790384402+-0.30144638382371647j,-0.09576287952439953+0.30742484001396436j,0.4658527285682902+0.024599386904481074j,-0.04058408819871525+0.00000000000000027973977194130073j,-0.04256828618476764+0.1558729224182916j,0.034338981159213876+-0.006510583304059025j,0.03264997790384361+0.30144638382371747j,-0.04256828618476768+-0.1558729224182911j,-0.10604746735760805+-0.00000000000000023522556395716384j,]
,[-0.13024507635424984+0.000000000000018932095863385355j,-0.02035570862375262+-0.19603866449898863j,0.09733205833759455+0.3015467492740384j,-0.03884277655611653+-0.005027033733756027j,-0.020355708623693545+0.19603866449899338j,0.08107128842014776+-0.000000000000013508893962932705j,-0.46619390416719486+0.01747171853376627j,-0.03299917524309876+0.30210989650351455j,0.09733205833750262+-0.3015467492740671j,-0.4661939041672031+-0.017471718533626765j,0.05638936559983868+-0.000000000000006393075152389612j,0.02935847143163555+-0.16888229598275256j,-0.03884277655611371+0.005027033733766118j,-0.03299917524318886+-0.30210989650350584j,0.029358471431682374+0.1688822959827392j,0.1137886986479276+-0.000000000000015656014852806104j,]
,[-0.0000000000000002829348749557925+0.14847112975321505j,-0.2280375870442011+-0.01653048279200831j,0.33104533294843086+-0.08064484341457646j,0.020877181934248736+0.026767294513826447j,0.2280375870441994+-0.016530482792009672j,-0.0000000000000018621485686319858+-0.13905346264991805j,0.03258805982465876+0.45411819186319363j,0.2715643656707028+0.06045011183767622j,-0.3310453329484308+-0.08064484341457401j,-0.03258805982465785+0.4541181918631955j,0.000000000000002498236550151152+0.03389605770050639j,-0.1046382580921571+-0.09632822309341244j,-0.02087718193425029+0.026767294513825434j,-0.2715643656707035+0.0604501118376764j,0.10463825809215217+-0.09632822309340844j,0.0000000000000012810065546921333+-0.09272955905739562j,]
,[-0.0000000000002467233648238653+-0.1524117439518355j,-0.12901516096685645+0.14990543780619708j,-0.03546071689062087+-0.17487803114926093j,-0.056519118664745384+0.04925400103925447j,0.12901516096681528+0.14990543780695118j,0.0000000000001792590785597662+0.10809415045387695j,0.2973268694806455+0.23510110163318526j,0.13614271287345714+-0.2145682423048741j,0.03546071689095501+-0.1748780311504261j,-0.2973268694823663+0.23510110163305487j,0.00000000000005756401349941709+0.1235056681976596j,-0.3720758911184154+0.02795476653167248j,0.056519118664618964+0.049254001039256104j,-0.13614271287358914+-0.2145682423059646j,0.37207589111861933+0.027954766532226245j,0.00000000000019486009200613024+-0.3189593167559714j,]
,[0.19772770632929335+-0.0000000000002630602245057874j,-0.16548471023086814+-0.12765730812103251j,0.17263573925290304+0.016763559509371292j,-0.02409663289859945+-0.1111654763117074j,-0.16548471023153316+0.12765730812105694j,-0.07614115747391426+0.00000000000019173392626243453j,-0.29246973749674915+0.25590535407938075j,0.22218828846399757+0.17674684131838891j,0.17263573925401085+-0.016763559509127213j,-0.2924697374967586+-0.2559053540809026j,-0.15174986600629436+0.000000000000072050463629962j,-0.032366344438215414+-0.3310654213107175j,-0.02409663289857219+0.1111654763116069j,0.22218828846496444+-0.17674684131859833j,-0.03236634443858862+0.33106542131092376j,0.272212974965745+0.00000000000012353178986972496j,]
,[-0.00000000000021576111071369526+0.2205817791038802j,-0.2024067079818262+0.046352434057648995j,0.23092373593405813+0.09418601919797341j,-0.0060968245011406045+-0.18312125265307205j,0.20240670798219723+0.04635243405762615j,0.00000000000016086082881340439+-0.43961820517802663j,-0.0924834052205153+0.3509475436799483j,0.27075803600741494+0.04232994194411972j,-0.23092373593436824+0.094186019197691j,0.09248340522072454+0.3509475436803193j,0.00000000000003666175007315985+-0.02222964459034974j,0.11358042121010195+0.05850260374366244j,0.006096824501195289+-0.18312125265328594j,-0.270758036007869+0.04232994194429j,-0.11358042120985967+0.058502603743033905j,-0.00000000000022825816522180835+0.18311825779959315j,]
,[0.013500676530679727+0.000000000009754572478498682j,-0.0209919409480368+0.2579036918177612j,-0.07974077891730968+-0.04854777283535772j,0.029077497439513458+-0.20161669172454222j,-0.02099194093841847+-0.2579036918210299j,-0.47073283018724354+-0.00000000001328721817113307j,0.07450204089050576+0.08689344575287952j,0.3228177624502903+-0.16307119115932062j,-0.07974077893518218+0.048547772844425775j,0.074502040901999+-0.086893445736101j,0.0745743746515223+-0.000000000002850067955276708j,-0.02966652415064419+-0.3116702130845139j,0.02907749743660061+0.20161669171507215j,0.3228177624372023+0.16307119116933763j,-0.02966652416574882+0.31167021308417125j,0.2334321434856218+0.000000000008478587585873405j,]
,[-0.00000000007407222797103122+0.10492927956318623j,-0.19805822622780414+-0.04351956326798704j,0.09345687012513562+-0.08795778961145993j,0.29596550364254687+-0.011899477304092071j,0.19805822625997685+-0.04351956307772793j,0.00000000020117485773425873+-0.41341996799693265j,-0.057112842839913115+0.07034014185162503j,0.1688231022005161+0.3310562551975564j,-0.09345687015070468+-0.08795778977005957j,0.05711284267261704+0.07034014197058906j,0.000000000003750032320946884+0.07428287869777894j,0.3075134515910874+-0.055900825963673295j,-0.2959655035895199+-0.011899477414821993j,-0.16882310241708665+0.3310562550222881j,-0.3075134515735076+-0.055900826205673756j,-0.00000000011070130303643556+0.18412193781132077j,]
,######### rust_code of old ######
let mut vector_of_cmat: Vec<CMatrix2> = Vec::new();
let row = 2;
let col = 2;
    vector_of_cmat.push(CMatrix2::from_vec(row,col,vec![
        Complex::new(-0.2526802630073405,0),
        Complex::new(0.026839455564346016,-0.30608104506282685),
        Complex::new(0.026700391027743187,0.22639706558940578),
        Complex::new(-0.07968397947342107,0.2126296764657257),
        Complex::new(0.026839455564346016,0.30608104506282685),
        Complex::new(0.17327441260712506,0),
        Complex::new(-0.3056638514530184,-0.17230096085090527),
        Complex::new(-0.25254119847073764,0.1325285033824961),
        Complex::new(0.026700391027743187,-0.22639706558940578),
        Complex::new(-0.3056638514530184,0.17230096085090527),
        Complex::new(-0.09359043313370398,0),
        Complex::new(-0.07926678586361258,-0.13225037430929049),
        Complex::new(-0.07968397947342107,-0.2126296764657257),
        Complex::new(-0.25254119847073764,-0.1325285033824961),
        Complex::new(-0.07926678586361258,0.13225037430929049),
        Complex::new(0.2122124828559172,0),
        ]));
    vector_of_cmat.push(CMatrix2::from_vec(row,col,vec![
        Complex::new(0.5,0),
        Complex::new(-0.4,0.9),
        Complex::new(-0.2,-0.9),
        Complex::new(-0,-0.2),
        Complex::new(-0.4,-0.9),
        Complex::new(-0.9,0),
        Complex::new(0.3,-0.5),
        Complex::new(0.3,0.4),
        Complex::new(-0.2,0.9),
        Complex::new(0.3,0.5),
        Complex::new(0.9,0),
        Complex::new(-0.6,-0.8),
        Complex::new(-0,0.2),
        Complex::new(0.3,-0.4),
        Complex::new(-0.6,0.8),
        Complex::new(0.4,0),
        ]));
    vector_of_cmat.push(CMatrix2::from_vec(row,col,vec![
        Complex::new(0.00000000000000003796935796825334,-0.2609798303737329),
        Complex::new(0.3124910175815508,0.03533402466156842),
        Complex::new(-0.16785105989133053,0.013281337904012825),
        Complex::new(-0.2529650675948871,-0.07915011526576596),
        Complex::new(-0.3124910175815508,0.035334024661568326),
        Complex::new(-0.00000000000000002517318671451773,0.207223705073234),
        Complex::new(0.1940407918282598,-0.22336898658862098),
        Complex::new(-0.08781148526116542,-0.301581927927019),
        Complex::new(0.16785105989133053,0.013281337904012891),
        Complex::new(-0.19404079182825973,-0.22336898658862106),
        Complex::new(0.000000000000000012954793046120097,-0.14678497335731214),
        Complex::new(0.08906704156385833,-0.12072426331038344),
        Complex::new(0.2529650675948872,-0.07915011526576589),
        Complex::new(0.08781148526116551,-0.301581927927019),
        Complex::new(-0.08906704156385829,-0.1207242633103835),
        Complex::new(-0.000000000000000033160160701064996,0.23443598363091467),
        ]));
    vector_of_cmat.push(CMatrix2::from_vec(row,col,vec![
        Complex::new(0.12887851235457745,0.0000000000000003836941042816404),
        Complex::new(0.015567091143223128,0.20026464047490808),
        Complex::new(-0.09576287952439914,-0.30742484001396436),
        Complex::new(0.034338981159214674,0.006510583304059218),
        Complex::new(0.01556709114322412,-0.2002646404749081),
        Complex::new(-0.09305866608778227,-0.00000000000000044215950770283198),
        Complex::new(0.4658527285682895,-0.024599386904480734),
        Complex::new(0.03264997790384402,-0.30144638382371647),
        Complex::new(-0.09576287952439953,0.30742484001396436),
        Complex::new(0.4658527285682902,0.024599386904481074),
        Complex::new(-0.04058408819871525,0.00000000000000027973977194130073),
        Complex::new(-0.04256828618476764,0.1558729224182916),
        Complex::new(0.034338981159213876,-0.006510583304059025),
        Complex::new(0.03264997790384361,0.30144638382371747),
        Complex::new(-0.04256828618476768,-0.1558729224182911),
        Complex::new(-0.10604746735760805,-0.00000000000000023522556395716384),
        ]));
    vector_of_cmat.push(CMatrix2::from_vec(row,col,vec![
        Complex::new(-0.13024507635424984,0.000000000000018932095863385355),
        Complex::new(-0.02035570862375262,-0.19603866449898863),
        Complex::new(0.09733205833759455,0.3015467492740384),
        Complex::new(-0.03884277655611653,-0.005027033733756027),
        Complex::new(-0.020355708623693545,0.19603866449899338),
        Complex::new(0.08107128842014776,-0.000000000000013508893962932705),
        Complex::new(-0.46619390416719486,0.01747171853376627),
        Complex::new(-0.03299917524309876,0.30210989650351455),
        Complex::new(0.09733205833750262,-0.3015467492740671),
        Complex::new(-0.4661939041672031,-0.017471718533626765),
        Complex::new(0.05638936559983868,-0.000000000000006393075152389612),
        Complex::new(0.02935847143163555,-0.16888229598275256),
        Complex::new(-0.03884277655611371,0.005027033733766118),
        Complex::new(-0.03299917524318886,-0.30210989650350584),
        Complex::new(0.029358471431682374,0.1688822959827392),
        Complex::new(0.1137886986479276,-0.000000000000015656014852806104),
        ]));
    vector_of_cmat.push(CMatrix2::from_vec(row,col,vec![
        Complex::new(-0.0000000000000002829348749557925,0.14847112975321505),
        Complex::new(-0.2280375870442011,-0.01653048279200831),
        Complex::new(0.33104533294843086,-0.08064484341457646),
        Complex::new(0.020877181934248736,0.026767294513826447),
        Complex::new(0.2280375870441994,-0.016530482792009672),
        Complex::new(-0.0000000000000018621485686319858,-0.13905346264991805),
        Complex::new(0.03258805982465876,0.45411819186319363),
        Complex::new(0.2715643656707028,0.06045011183767622),
        Complex::new(-0.3310453329484308,-0.08064484341457401),
        Complex::new(-0.03258805982465785,0.4541181918631955),
        Complex::new(0.000000000000002498236550151152,0.03389605770050639),
        Complex::new(-0.1046382580921571,-0.09632822309341244),
        Complex::new(-0.02087718193425029,0.026767294513825434),
        Complex::new(-0.2715643656707035,0.0604501118376764),
        Complex::new(0.10463825809215217,-0.09632822309340844),
        Complex::new(0.0000000000000012810065546921333,-0.09272955905739562),
        ]));
    vector_of_cmat.push(CMatrix2::from_vec(row,col,vec![
        Complex::new(-0.0000000000002467233648238653,-0.1524117439518355),
        Complex::new(-0.12901516096685645,0.14990543780619708),
        Complex::new(-0.03546071689062087,-0.17487803114926093),
        Complex::new(-0.056519118664745384,0.04925400103925447),
        Complex::new(0.12901516096681528,0.14990543780695118),
        Complex::new(0.0000000000001792590785597662,0.10809415045387695),
        Complex::new(0.2973268694806455,0.23510110163318526),
        Complex::new(0.13614271287345714,-0.2145682423048741),
        Complex::new(0.03546071689095501,-0.1748780311504261),
        Complex::new(-0.2973268694823663,0.23510110163305487),
        Complex::new(0.00000000000005756401349941709,0.1235056681976596),
        Complex::new(-0.3720758911184154,0.02795476653167248),
        Complex::new(0.056519118664618964,0.049254001039256104),
        Complex::new(-0.13614271287358914,-0.2145682423059646),
        Complex::new(0.37207589111861933,0.027954766532226245),
        Complex::new(0.00000000000019486009200613024,-0.3189593167559714),
        ]));
    vector_of_cmat.push(CMatrix2::from_vec(row,col,vec![
        Complex::new(0.19772770632929335,-0.0000000000002630602245057874),
        Complex::new(-0.16548471023086814,-0.12765730812103251),
        Complex::new(0.17263573925290304,0.016763559509371292),
        Complex::new(-0.02409663289859945,-0.1111654763117074),
        Complex::new(-0.16548471023153316,0.12765730812105694),
        Complex::new(-0.07614115747391426,0.00000000000019173392626243453),
        Complex::new(-0.29246973749674915,0.25590535407938075),
        Complex::new(0.22218828846399757,0.17674684131838891),
        Complex::new(0.17263573925401085,-0.016763559509127213),
        Complex::new(-0.2924697374967586,-0.2559053540809026),
        Complex::new(-0.15174986600629436,0.000000000000072050463629962),
        Complex::new(-0.032366344438215414,-0.3310654213107175),
        Complex::new(-0.02409663289857219,0.1111654763116069),
        Complex::new(0.22218828846496444,-0.17674684131859833),
        Complex::new(-0.03236634443858862,0.33106542131092376),
        Complex::new(0.272212974965745,0.00000000000012353178986972496),
        ]));
    vector_of_cmat.push(CMatrix2::from_vec(row,col,vec![
        Complex::new(-0.00000000000021576111071369526,0.2205817791038802),
        Complex::new(-0.2024067079818262,0.046352434057648995),
        Complex::new(0.23092373593405813,0.09418601919797341),
        Complex::new(-0.0060968245011406045,-0.18312125265307205),
        Complex::new(0.20240670798219723,0.04635243405762615),
        Complex::new(0.00000000000016086082881340439,-0.43961820517802663),
        Complex::new(-0.0924834052205153,0.3509475436799483),
        Complex::new(0.27075803600741494,0.04232994194411972),
        Complex::new(-0.23092373593436824,0.094186019197691),
        Complex::new(0.09248340522072454,0.3509475436803193),
        Complex::new(0.00000000000003666175007315985,-0.02222964459034974),
        Complex::new(0.11358042121010195,0.05850260374366244),
        Complex::new(0.006096824501195289,-0.18312125265328594),
        Complex::new(-0.270758036007869,0.04232994194429),
        Complex::new(-0.11358042120985967,0.058502603743033905),
        Complex::new(-0.00000000000022825816522180835,0.18311825779959315),
        ]));
    vector_of_cmat.push(CMatrix2::from_vec(row,col,vec![
        Complex::new(0.013500676530679727,0.000000000009754572478498682),
        Complex::new(-0.0209919409480368,0.2579036918177612),
        Complex::new(-0.07974077891730968,-0.04854777283535772),
        Complex::new(0.029077497439513458,-0.20161669172454222),
        Complex::new(-0.02099194093841847,-0.2579036918210299),
        Complex::new(-0.47073283018724354,-0.00000000001328721817113307),
        Complex::new(0.07450204089050576,0.08689344575287952),
        Complex::new(0.3228177624502903,-0.16307119115932062),
        Complex::new(-0.07974077893518218,0.048547772844425775),
        Complex::new(0.074502040901999,-0.086893445736101),
        Complex::new(0.0745743746515223,-0.000000000002850067955276708),
        Complex::new(-0.02966652415064419,-0.3116702130845139),
        Complex::new(0.02907749743660061,0.20161669171507215),
        Complex::new(0.3228177624372023,0.16307119116933763),
        Complex::new(-0.02966652416574882,0.31167021308417125),
        Complex::new(0.2334321434856218,0.000000000008478587585873405),
        ]));
    vector_of_cmat.push(CMatrix2::from_vec(row,col,vec![
        Complex::new(-0.00000000007407222797103122,0.10492927956318623),
        Complex::new(-0.19805822622780414,-0.04351956326798704),
        Complex::new(0.09345687012513562,-0.08795778961145993),
        Complex::new(0.29596550364254687,-0.011899477304092071),
        Complex::new(0.19805822625997685,-0.04351956307772793),
        Complex::new(0.00000000020117485773425873,-0.41341996799693265),
        Complex::new(-0.057112842839913115,0.07034014185162503),
        Complex::new(0.1688231022005161,0.3310562551975564),
        Complex::new(-0.09345687015070468,-0.08795778977005957),
        Complex::new(0.05711284267261704,0.07034014197058906),
        Complex::new(0.000000000003750032320946884,0.07428287869777894),
        Complex::new(0.3075134515910874,-0.055900825963673295),
        Complex::new(-0.2959655035895199,-0.011899477414821993),
        Complex::new(-0.16882310241708665,0.3310562550222881),
        Complex::new(-0.3075134515735076,-0.055900826205673756),
        Complex::new(-0.00000000011070130303643556,0.18412193781132077),
        ]));

########## com #########
[0.0000000000000002220446049250313+-0.013825393479130768j,-0.14768341206271618+-0.008707279524834667j,0.001075079457143871+-0.09774827067334148j,-0.060949904648155716+-0.07086151987817563j,0.14768341206271612+-0.00870727952483525j,-0.0000000000000010824674490095276+-0.3381908958913175j,0.20602225684766695+-0.09126060504315317j,0.032406791670844495+0.03704841094965756j,-0.001075079457144322+-0.09774827067334332j,-0.20602225684767067+-0.09126060504315323j,0.0000000000000004718447854656915+0.25149651883287594j,0.305227556504941+0.05556030276587482j,0.060949904648155605+-0.07086151987817475j,-0.03240679167084237+0.037048410949655414j,-0.3052275565049385+0.05556030276587831j,0.0000000000000004718447854656915+0.1005197705375723j,]
######### rust code of com #######
CMatrix2::from_vec(row,col,vec![
        Complex::new(0.0000000000000002220446049250313,-0.013825393479130768),
        Complex::new(-0.14768341206271618,-0.008707279524834667),
        Complex::new(0.001075079457143871,-0.09774827067334148),
        Complex::new(-0.060949904648155716,-0.07086151987817563),
        Complex::new(0.14768341206271612,-0.00870727952483525),
        Complex::new(-0.0000000000000010824674490095276,-0.3381908958913175),
        Complex::new(0.20602225684766695,-0.09126060504315317),
        Complex::new(0.032406791670844495,0.03704841094965756),
        Complex::new(-0.001075079457144322,-0.09774827067334332),
        Complex::new(-0.20602225684767067,-0.09126060504315323),
        Complex::new(0.0000000000000004718447854656915,0.25149651883287594),
        Complex::new(0.305227556504941,0.05556030276587482),
        Complex::new(0.060949904648155605,-0.07086151987817475),
        Complex::new(-0.03240679167084237,0.037048410949655414),
        Complex::new(-0.3052275565049385,0.05556030276587831),
        Complex::new(0.0000000000000004718447854656915,0.1005197705375723),
        ])
######### gs_com #########
[0.00000000006552164061327483+0.14869891273415026j,0.3642897484970598+0.07657072267609223j,0.15437890297770498+-0.09101180115636516j,0.04790973354186516+-0.23498308522205166j,-0.36428974854022683+0.07657072259634133j,-0.00000000011462052487770033+0.5402810650020453j,0.13848113658781802+-0.030565105310383485j,-0.08433151467861748+-0.0689945115539778j,-0.1543789030583148+-0.09101180107061879j,-0.13848113656769853+-0.030565105318986843j,0.00000000002243444133850289+-0.11302253766141553j,-0.2163224168239189+-0.13383267130726867j,-0.04790973358149269+-0.2349830849405532j,0.08433151492426304+-0.0689945114502006j,0.2163224167589773+-0.13383267109609667j,0.00000000005023045791177251+-0.1530823464534642j,]

thread 'gsim::dla::test_dla::test_get_dla' panicked at src/gsim/dla.rs:367:25:
gs_com is not vertical against old
note: run with `RUST_BACKTRACE=1` environment variable to display a backtrace
