vohs
[0.4+0j,-0.1+-0.3j,0.7+-0.9j,-0.9+-0.9j,-0.1+0.3j,1+0j,0.1+-1j,0.1+-0.9j,0.7+0.9j,0.1+1j,0.2+0j,1+0.2j,-0.9+0.9j,0.1+0.9j,1+-0.2j,0.7+0j,]
,[-0.2+0j,-0.4+0.8j,0.6+-0.7j,0.6+-0.4j,-0.4+-0.8j,0.4+0j,-0.3+-0.4j,0.1+0.4j,0.6+0.7j,-0.3+0.4j,0.3+0j,-0.5+0.1j,0.6+0.4j,0.1+-0.4j,-0.5+-0.1j,-0.9+0j,]
,gs : return zero
is not ind from zero
########## old #########
[-0.059912098437682026+0.000000000000000046298446442966284j,-0.15532766261621242+0.2909311775986206j,0.25468805632150393+-0.30042342364738905j,0.19157078389332877+-0.18688629883030036j,-0.1553276626162128+-0.29093117759862036j,0.19083112835706117+-0.00000000000000009259689288593257j,-0.10959229529032787+-0.1908311283570611j,0.04179053779912396+0.11587936734860309j,0.2546880563215043+0.3004234236473888j,-0.10959229529032768+0.19083112835706123j,0.12142678387061064+-0.00000000000000006944766966444942j,-0.149780246094205+0.04573536732588493j,0.191570783893329+0.18688629883030008j,0.04179053779912377+-0.11587936734860312j,-0.14978024609420507+-0.0457353673258847j,-0.3129975677639395+0.00000000000000020834300899334828j,]
,[-0.2+0j,-0.4+0.8j,0.6+-0.7j,0.6+-0.4j,-0.4+-0.8j,0.4+0j,-0.3+-0.4j,0.1+0.4j,0.6+0.7j,-0.3+0.4j,0.3+0j,-0.5+0.1j,0.6+0.4j,0.1+-0.4j,-0.5+-0.1j,-0.9+0j,]
,[0.0000000000000005550546165683707+0.2983984991017729j,0.3428518515260153+0.1949580218690685j,0.04025200777006536+-0.06629542734922439j,0.17832855297350014+-0.35328935677667j,-0.3428518515260151+0.19495802186906958j,-0.0000000000000003035142416792138+-0.006257234639610414j,-0.09950519237305562+-0.0015504056453363724j,0.0042513955066116995+-0.24171225003014213j,-0.04025200777006659+-0.06629542734922526j,0.09950519237305575+-0.001550405645337251j,-0.00000000000000018770814891650582+0.1321664468853964j,0.16653586967151307+-0.039950824570320814j,-0.1783285529735012+-0.3532893567766703j,-0.004251395506611904+-0.24171225003014182j,-0.16653586967151285+-0.03995082457032058j,0.0000000000000004687502793935612+-0.24844716298071848j,]
,[0.05100624281775958+-0.00000000000000016631843855499343j,-0.20172766174634582+0.3511895677533828j,0.2710062327482238+-0.2369624113773357j,0.1600126495321443+0.10793403147752578j,-0.20172766174634565+-0.3511895677533825j,0.17619982020979175+-0.0000000000000001982992972892669j,-0.07331958172242259+-0.08568252710866732j,0.24255909245429305+0.1664810702368747j,0.2710062327482238+0.2369624113773354j,-0.07331958172242248+0.08568252710866696j,-0.08472316868291148+0.0000000000000002569700316394517j,-0.18899392335223117+0.11352450207703459j,0.16001264953214384+-0.10793403147752549j,0.24255909245429322+-0.16648107023687495j,-0.18899392335223125+-0.11352450207703475j,-0.04086136613105458+-0.00000000000000016780543281891866j,]
,[-0.05296183552815098+0.0000000000000006382581783469152j,-0.3077914431062777+0.3945936647287304j,0.25621318969823054+-0.19364813694690267j,0.16090013604693618+0.10997225874562853j,-0.3077914431062813+-0.3945936647287298j,0.12702143379585246+-0.0000000000000014096012222575632j,-0.08591994312741744+-0.1338475866845814j,0.15646942550050927+0.15326108378517825j,0.2562131896982356+0.19364813694689895j,-0.08591994312741487+0.13384758668458333j,-0.041291551573897925+-0.0000000000000010967545030422045j,-0.14093607496924707+0.06413809967910943j,0.16090013604693945+-0.109972258745632j,0.15646942550050755+-0.15326108378517836j,-0.14093607496924818+-0.06413809967910675j,-0.04158828681103002+0.000000000000002958485069533718j,]
,[-0.000000000000005395151068703734+0.05844731444545768j,0.39465690952515775+0.31651813106950866j,-0.1911964221474759+-0.25846126811638837j,0.10733456159173642+-0.15762602965483813j,-0.39465690952522736+0.3165181310694225j,0.000000000000012960246111234888+-0.12711773656261516j,-0.140295363524994+0.08608540324615681j,0.14709917386160412+-0.15007882376017406j,0.19119642214753035+-0.2584612681163497j,0.1402953635249765+0.0860854032461846j,-0.000000000000005868669976465029+0.03666242970102846j,0.06302770983969001+0.1335122911692249j,-0.10733456159170345+-0.15762602965486672j,-0.14709917386156862+-0.15007882376020715j,-0.06302770983971923+0.1335122911692115j,-0.0000000000000015907901758204019+0.04060353355201113j,]
,[0.0000000000026975757091334422+0.3624259973667394j,0.03249146905074746+0.11305346339841776j,-0.07796764704878241+0.12267958646252443j,0.20613218803610353+0.1833645391537728j,-0.03249146902172207+0.11305346343480029j,-0.000000000005850675772318884+-0.21089681234969163j,-0.09239866617475086+0.28740624986981705j,0.16757236736846634+-0.10323319003996285j,0.07796764702499773+0.12267958644508904j,0.0923986661825615+0.2874062498569673j,0.0000000000016630154039167021+0.09156718562536346j,-0.03014515423980714+0.36993443582585167j,-0.20613218805056582+0.1833645391635991j,-0.16757236738227355+-0.1032331900264076j,0.030145154252027028+0.36993443583164665j,0.000000000001886393837317318+-0.24156145623126804j,]
,[-0.1884912548480266+0.000000000001103856022668313j,-0.2230791235581181+0.28768817741414104j,0.1843595834931514+0.018859812931654354j,0.15651335474473074+0.17847709457067912j,-0.22307912357272458+-0.28768817740248626j,0.1759082060707456+-0.000000000002361928660221667j,-0.0844615730742357+-0.33313335484733975j,0.14646929318166682+-0.13845384849975373j,0.18435958350016332+-0.018859812941191448j,-0.08446157306906119+0.3331333548505141j,-0.0306291995381845+0.0000000000006709145246586147j,0.11667071984302077+0.23618172519757202j,0.15651335474077221+-0.1784770945764658j,0.1464692931762069+0.1384538484941994j,0.11667071984069428+-0.2361817251926231j,0.1728756230098622+0.0000000000007466151261760712j,]
,[-0.000000000014427739706656629+0.2905042622297931j,0.1425405729165538+-0.09285048111201259j,0.20949200650231659+-0.1951339010562422j,-0.16261562543157387+-0.010134033574137646j,-0.1425405730714804+-0.09285048130647698j,0.000000000031283160684590846+0.06600916462022935j,-0.13512229207377743+0.012480142040900567j,-0.28916133827698165+0.2707170105523875j,-0.20949200637525744+-0.19513390096287192j,0.13512229203175166+0.012480142109380931j,-0.000000000008928481353779478+-0.1553957229077891j,-0.2919199897231521+-0.18509122870336764j,0.16261562550880462+-0.010134033626665708j,0.289161338350912+0.2707170104793858j,0.2919199896572652+-0.18509122873405753j,-0.000000000010132948486758865+-0.150396801392968j,]
,[-0.24436425782677426+-0.00000000001487391885869249j,0.12647698386289977+0.05981598660584755j,0.22940633261244645+0.14707649471947154j,0.005103071083755945+-0.10490618058701716j,0.12647698406588123+-0.05981598676782722j,-0.008086821156421927+0.000000000032728586047827884j,-0.05236734755583653+-0.18615223590324084j,-0.33046835414554504+-0.2582138920484775j,0.2294063325145787+-0.14707649458698513j,-0.05236734762719294+0.18615223585932483j,0.15632616322057+-0.000000000009435930440453187j,0.14539962929440103+-0.2908268543090906j,0.005103071138838796+0.10490618066769423j,-0.3304683540688543+0.25821389212609175j,0.14539962932685105+0.2908268542399605j,0.26087115873836114+-0.000000000010695421149844654j,]
,[0.0000000000029689483084405167+0.19803038099930442j,0.14095159956671524+-0.017577852854503435j,0.3191713086901177+-0.044084858727155764j,-0.2757749413800738+-0.040527846083874754j,-0.14095159953582298+-0.01757785281539492j,-0.000000000006010929787559147+0.40156425365676496j,-0.045884879728013736+0.10104623857714534j,0.2838125199888821+-0.17633634216143762j,-0.3191713087148701+-0.044084858745368945j,0.04588487973613668+0.10104623856412143j,0.0000000000018247771133620367+-0.18976116619976616j,0.15339263088844535+-0.0472793699861268j,0.27577494136474734+-0.040527846073854165j,-0.28381252000424145+-0.17633634214682023j,-0.15339263087537766+-0.0472793699799531j,0.0000000000025377744647657553+0.2463797738427795j,]
,########## new #########
[0.19921407583078535+0.00000000004043365930892709j,-0.03938374375283614+-0.12234593416610952j,-0.09010148199295623+-0.05475492720638733j,-0.05366308573940983+0.19511303586591525j,-0.03938374431919923+0.12234593462090528j,-0.29847705770356536+-0.00000000009433149991924145j,0.24047137697012064+0.20720691624343318j,-0.16165915619786636+0.12052229614360609j,-0.09010148171553009+0.05475492683599814j,0.24047137716951983+-0.20720691612216335j,-0.2843907961685419+0.0000000000275426348462871j,-0.3695987051829193+-0.165593212312869j,-0.053663085897849676+-0.1951130360907543j,-0.16165915640877812+-0.12052229635870886j,-0.36959870527203936+0.16559321250668246j,0.20564005450422734+0.00000000002816953705230837j,]
,[-0.08993698237788726+-0.0000000009221540514871022j,0.07905601078972228+-0.2114303463924979j,-0.0036096622209523927+0.22287977468927814j,-0.1303901645554172+-0.02624225386575146j,0.07905602367362859+0.21143033606998876j,-0.30819601855098977+0.000000002134603316540493j,-0.14702234983153117+-0.2863673389703806j,-0.2106383032464808+0.1334780882504312j,-0.003609668530712733+-0.22287976625438397j,-0.14702235437526504+0.2863673361992032j,0.2577378106587081+-0.0000000006262092099512398j,-0.0012441689276202206+-0.3404717121919537j,-0.13039016097190712+0.02624225900154593j,-0.21063829843187185+-0.13347808334342984j,-0.0012441668919083348+0.3404717077701388j,0.1742889628677342+-0.0000000006479388655726455j,]
,[0.00000000028119039316085096+0.26074607404122563j,0.042388713828288134+-0.07636874043138475j,0.3180823086439665+-0.09724485629199586j,-0.20841773253522217+0.07315901162349474j,-0.042388710736792366+-0.07636873658808249j,-0.0000000006185227845795577+0.5874535687218336j,-0.1061621774149547+0.10333971131145872j,0.19501011604315144+-0.079753014928146j,-0.31808231117591834+-0.09724485816133921j,0.10616217826920123+0.1033397099085114j,0.00000000017017123128657242+-0.3138380023590304j,-0.06967863825630685+-0.030899516031013777j,0.20841773101123218+0.07315901269472287j,-0.19501011748630198+-0.07975301345894507j,0.06967863958885027+-0.030899515469436686j,0.00000000018413437351837956+0.10006763819027713j,]
,[-0.4045165672604873+0.0000000037485647778854426j,0.06778615986043285+0.18935838302189534j,0.202033969508411+0.03470602855859634j,-0.03238395924909049+-0.11021946064851756j,0.0677861085084757+-0.18935834202118818j,0.004533570983012689+-0.000000008322512459462622j,0.07283666273725597+0.08122033702511917j,0.02241932443689419+-0.12782732663653612j,0.2020339944532015+-0.034706062175289216j,0.0728366807643785+-0.08122032598382392j,-0.6064403593344125+0.000000002424894655266523j,0.1643519898306616+0.09201281138504483j,-0.0323839733284322+0.11021944021402337j,0.02241930519455272+0.12782730696601272j,0.16435198163799133+-0.09201279382207105j,-0.38573255494189396+0.0000000026596093222284737j,]
,[-0.3207959323089989+0.000000000986566325687099j,0.0984210325718932+0.004580460195854799j,0.06150170754340685+-0.05888316954302089j,-0.10397225317280959+-0.133433224382506j,0.09842101785055866+-0.004580448383560897j,0.37624102915070173+-0.0000000024463573004838653j,0.47197125378150767+0.06589842586235468j,0.003174961345693224+-0.23062519594422512j,0.06150171478769804+0.05888315996458268j,0.4719712589095187+-0.0658984227058773j,0.3091414210400409+0.000000000635745286860809j,0.015113732186652998+0.0003262198694708228j,-0.1039722572734569+0.13343321846408115j,0.0031749558244070697+0.23062519025590167j,0.015113729774188898+-0.00032621477005562806j,-0.08813669557249225+0.000000000716266481441007j,]
,######### rust_code of old ######
    let mut vector_of_cmat: Vec<CMatrix2> = Vec::new();
   let row = 4;
    let col = 4;
        vector_of_cmat.push(CMatrix2::from_vec(row,col,vec![
            Complex::new(-0.059912098437682026,0.000000000000000046298446442966284),
            Complex::new(-0.15532766261621242,0.2909311775986206),
            Complex::new(0.25468805632150393,-0.30042342364738905),
            Complex::new(0.19157078389332877,-0.18688629883030036),
            Complex::new(-0.1553276626162128,-0.29093117759862036),
            Complex::new(0.19083112835706117,-0.00000000000000009259689288593257),
            Complex::new(-0.10959229529032787,-0.1908311283570611),
            Complex::new(0.04179053779912396,0.11587936734860309),
            Complex::new(0.2546880563215043,0.3004234236473888),
            Complex::new(-0.10959229529032768,0.19083112835706123),
            Complex::new(0.12142678387061064,-0.00000000000000006944766966444942),
            Complex::new(-0.149780246094205,0.04573536732588493),
            Complex::new(0.191570783893329,0.18688629883030008),
            Complex::new(0.04179053779912377,-0.11587936734860312),
            Complex::new(-0.14978024609420507,-0.0457353673258847),
            Complex::new(-0.3129975677639395,0.00000000000000020834300899334828),
            ]));
        vector_of_cmat.push(CMatrix2::from_vec(row,col,vec![
            Complex::new(-0.2,0),
            Complex::new(-0.4,0.8),
            Complex::new(0.6,-0.7),
            Complex::new(0.6,-0.4),
            Complex::new(-0.4,-0.8),
            Complex::new(0.4,0),
            Complex::new(-0.3,-0.4),
            Complex::new(0.1,0.4),
            Complex::new(0.6,0.7),
            Complex::new(-0.3,0.4),
            Complex::new(0.3,0),
            Complex::new(-0.5,0.1),
            Complex::new(0.6,0.4),
            Complex::new(0.1,-0.4),
            Complex::new(-0.5,-0.1),
            Complex::new(-0.9,0),
            ]));
        vector_of_cmat.push(CMatrix2::from_vec(row,col,vec![
            Complex::new(0.0000000000000005550546165683707,0.2983984991017729),
            Complex::new(0.3428518515260153,0.1949580218690685),
            Complex::new(0.04025200777006536,-0.06629542734922439),
            Complex::new(0.17832855297350014,-0.35328935677667),
            Complex::new(-0.3428518515260151,0.19495802186906958),
            Complex::new(-0.0000000000000003035142416792138,-0.006257234639610414),
            Complex::new(-0.09950519237305562,-0.0015504056453363724),
            Complex::new(0.0042513955066116995,-0.24171225003014213),
            Complex::new(-0.04025200777006659,-0.06629542734922526),
            Complex::new(0.09950519237305575,-0.001550405645337251),
            Complex::new(-0.00000000000000018770814891650582,0.1321664468853964),
            Complex::new(0.16653586967151307,-0.039950824570320814),
            Complex::new(-0.1783285529735012,-0.3532893567766703),
            Complex::new(-0.004251395506611904,-0.24171225003014182),
            Complex::new(-0.16653586967151285,-0.03995082457032058),
            Complex::new(0.0000000000000004687502793935612,-0.24844716298071848),
            ]));
        vector_of_cmat.push(CMatrix2::from_vec(row,col,vec![
            Complex::new(0.05100624281775958,-0.00000000000000016631843855499343),
            Complex::new(-0.20172766174634582,0.3511895677533828),
            Complex::new(0.2710062327482238,-0.2369624113773357),
            Complex::new(0.1600126495321443,0.10793403147752578),
            Complex::new(-0.20172766174634565,-0.3511895677533825),
            Complex::new(0.17619982020979175,-0.0000000000000001982992972892669),
            Complex::new(-0.07331958172242259,-0.08568252710866732),
            Complex::new(0.24255909245429305,0.1664810702368747),
            Complex::new(0.2710062327482238,0.2369624113773354),
            Complex::new(-0.07331958172242248,0.08568252710866696),
            Complex::new(-0.08472316868291148,0.0000000000000002569700316394517),
            Complex::new(-0.18899392335223117,0.11352450207703459),
            Complex::new(0.16001264953214384,-0.10793403147752549),
            Complex::new(0.24255909245429322,-0.16648107023687495),
            Complex::new(-0.18899392335223125,-0.11352450207703475),
            Complex::new(-0.04086136613105458,-0.00000000000000016780543281891866),
            ]));
        vector_of_cmat.push(CMatrix2::from_vec(row,col,vec![
            Complex::new(-0.05296183552815098,0.0000000000000006382581783469152),
            Complex::new(-0.3077914431062777,0.3945936647287304),
            Complex::new(0.25621318969823054,-0.19364813694690267),
            Complex::new(0.16090013604693618,0.10997225874562853),
            Complex::new(-0.3077914431062813,-0.3945936647287298),
            Complex::new(0.12702143379585246,-0.0000000000000014096012222575632),
            Complex::new(-0.08591994312741744,-0.1338475866845814),
            Complex::new(0.15646942550050927,0.15326108378517825),
            Complex::new(0.2562131896982356,0.19364813694689895),
            Complex::new(-0.08591994312741487,0.13384758668458333),
            Complex::new(-0.041291551573897925,-0.0000000000000010967545030422045),
            Complex::new(-0.14093607496924707,0.06413809967910943),
            Complex::new(0.16090013604693945,-0.109972258745632),
            Complex::new(0.15646942550050755,-0.15326108378517836),
            Complex::new(-0.14093607496924818,-0.06413809967910675),
            Complex::new(-0.04158828681103002,0.000000000000002958485069533718),
            ]));
        vector_of_cmat.push(CMatrix2::from_vec(row,col,vec![
            Complex::new(-0.000000000000005395151068703734,0.05844731444545768),
            Complex::new(0.39465690952515775,0.31651813106950866),
            Complex::new(-0.1911964221474759,-0.25846126811638837),
            Complex::new(0.10733456159173642,-0.15762602965483813),
            Complex::new(-0.39465690952522736,0.3165181310694225),
            Complex::new(0.000000000000012960246111234888,-0.12711773656261516),
            Complex::new(-0.140295363524994,0.08608540324615681),
            Complex::new(0.14709917386160412,-0.15007882376017406),
            Complex::new(0.19119642214753035,-0.2584612681163497),
            Complex::new(0.1402953635249765,0.0860854032461846),
            Complex::new(-0.000000000000005868669976465029,0.03666242970102846),
            Complex::new(0.06302770983969001,0.1335122911692249),
            Complex::new(-0.10733456159170345,-0.15762602965486672),
            Complex::new(-0.14709917386156862,-0.15007882376020715),
            Complex::new(-0.06302770983971923,0.1335122911692115),
            Complex::new(-0.0000000000000015907901758204019,0.04060353355201113),
            ]));
        vector_of_cmat.push(CMatrix2::from_vec(row,col,vec![
            Complex::new(0.0000000000026975757091334422,0.3624259973667394),
            Complex::new(0.03249146905074746,0.11305346339841776),
            Complex::new(-0.07796764704878241,0.12267958646252443),
            Complex::new(0.20613218803610353,0.1833645391537728),
            Complex::new(-0.03249146902172207,0.11305346343480029),
            Complex::new(-0.000000000005850675772318884,-0.21089681234969163),
            Complex::new(-0.09239866617475086,0.28740624986981705),
            Complex::new(0.16757236736846634,-0.10323319003996285),
            Complex::new(0.07796764702499773,0.12267958644508904),
            Complex::new(0.0923986661825615,0.2874062498569673),
            Complex::new(0.0000000000016630154039167021,0.09156718562536346),
            Complex::new(-0.03014515423980714,0.36993443582585167),
            Complex::new(-0.20613218805056582,0.1833645391635991),
            Complex::new(-0.16757236738227355,-0.1032331900264076),
            Complex::new(0.030145154252027028,0.36993443583164665),
            Complex::new(0.000000000001886393837317318,-0.24156145623126804),
            ]));
        vector_of_cmat.push(CMatrix2::from_vec(row,col,vec![
            Complex::new(-0.1884912548480266,0.000000000001103856022668313),
            Complex::new(-0.2230791235581181,0.28768817741414104),
            Complex::new(0.1843595834931514,0.018859812931654354),
            Complex::new(0.15651335474473074,0.17847709457067912),
            Complex::new(-0.22307912357272458,-0.28768817740248626),
            Complex::new(0.1759082060707456,-0.000000000002361928660221667),
            Complex::new(-0.0844615730742357,-0.33313335484733975),
            Complex::new(0.14646929318166682,-0.13845384849975373),
            Complex::new(0.18435958350016332,-0.018859812941191448),
            Complex::new(-0.08446157306906119,0.3331333548505141),
            Complex::new(-0.0306291995381845,0.0000000000006709145246586147),
            Complex::new(0.11667071984302077,0.23618172519757202),
            Complex::new(0.15651335474077221,-0.1784770945764658),
            Complex::new(0.1464692931762069,0.1384538484941994),
            Complex::new(0.11667071984069428,-0.2361817251926231),
            Complex::new(0.1728756230098622,0.0000000000007466151261760712),
            ]));
        vector_of_cmat.push(CMatrix2::from_vec(row,col,vec![
            Complex::new(-0.000000000014427739706656629,0.2905042622297931),
            Complex::new(0.1425405729165538,-0.09285048111201259),
            Complex::new(0.20949200650231659,-0.1951339010562422),
            Complex::new(-0.16261562543157387,-0.010134033574137646),
            Complex::new(-0.1425405730714804,-0.09285048130647698),
            Complex::new(0.000000000031283160684590846,0.06600916462022935),
            Complex::new(-0.13512229207377743,0.012480142040900567),
            Complex::new(-0.28916133827698165,0.2707170105523875),
            Complex::new(-0.20949200637525744,-0.19513390096287192),
            Complex::new(0.13512229203175166,0.012480142109380931),
            Complex::new(-0.000000000008928481353779478,-0.1553957229077891),
            Complex::new(-0.2919199897231521,-0.18509122870336764),
            Complex::new(0.16261562550880462,-0.010134033626665708),
            Complex::new(0.289161338350912,0.2707170104793858),
            Complex::new(0.2919199896572652,-0.18509122873405753),
            Complex::new(-0.000000000010132948486758865,-0.150396801392968),
            ]));
        vector_of_cmat.push(CMatrix2::from_vec(row,col,vec![
            Complex::new(-0.24436425782677426,-0.00000000001487391885869249),
            Complex::new(0.12647698386289977,0.05981598660584755),
            Complex::new(0.22940633261244645,0.14707649471947154),
            Complex::new(0.005103071083755945,-0.10490618058701716),
            Complex::new(0.12647698406588123,-0.05981598676782722),
            Complex::new(-0.008086821156421927,0.000000000032728586047827884),
            Complex::new(-0.05236734755583653,-0.18615223590324084),
            Complex::new(-0.33046835414554504,-0.2582138920484775),
            Complex::new(0.2294063325145787,-0.14707649458698513),
            Complex::new(-0.05236734762719294,0.18615223585932483),
            Complex::new(0.15632616322057,-0.000000000009435930440453187),
            Complex::new(0.14539962929440103,-0.2908268543090906),
            Complex::new(0.005103071138838796,0.10490618066769423),
            Complex::new(-0.3304683540688543,0.25821389212609175),
            Complex::new(0.14539962932685105,0.2908268542399605),
            Complex::new(0.26087115873836114,-0.000000000010695421149844654),
            ]));
        vector_of_cmat.push(CMatrix2::from_vec(row,col,vec![
            Complex::new(0.0000000000029689483084405167,0.19803038099930442),
            Complex::new(0.14095159956671524,-0.017577852854503435),
            Complex::new(0.3191713086901177,-0.044084858727155764),
            Complex::new(-0.2757749413800738,-0.040527846083874754),
            Complex::new(-0.14095159953582298,-0.01757785281539492),
            Complex::new(-0.000000000006010929787559147,0.40156425365676496),
            Complex::new(-0.045884879728013736,0.10104623857714534),
            Complex::new(0.2838125199888821,-0.17633634216143762),
            Complex::new(-0.3191713087148701,-0.044084858745368945),
            Complex::new(0.04588487973613668,0.10104623856412143),
            Complex::new(0.0000000000018247771133620367,-0.18976116619976616),
            Complex::new(0.15339263088844535,-0.0472793699861268),
            Complex::new(0.27577494136474734,-0.040527846073854165),
            Complex::new(-0.28381252000424145,-0.17633634214682023),
            Complex::new(-0.15339263087537766,-0.0472793699799531),
            Complex::new(0.0000000000025377744647657553,0.2463797738427795),
            ]));

######### rust_code of new ######
    let mut vector_of_cmat: Vec<CMatrix2> = Vec::new();
   let row = 4;
    let col = 4;
        vector_of_cmat.push(CMatrix2::from_vec(row,col,vec![
            Complex::new(0.19921407583078535,0.00000000004043365930892709),
            Complex::new(-0.03938374375283614,-0.12234593416610952),
            Complex::new(-0.09010148199295623,-0.05475492720638733),
            Complex::new(-0.05366308573940983,0.19511303586591525),
            Complex::new(-0.03938374431919923,0.12234593462090528),
            Complex::new(-0.29847705770356536,-0.00000000009433149991924145),
            Complex::new(0.24047137697012064,0.20720691624343318),
            Complex::new(-0.16165915619786636,0.12052229614360609),
            Complex::new(-0.09010148171553009,0.05475492683599814),
            Complex::new(0.24047137716951983,-0.20720691612216335),
            Complex::new(-0.2843907961685419,0.0000000000275426348462871),
            Complex::new(-0.3695987051829193,-0.165593212312869),
            Complex::new(-0.053663085897849676,-0.1951130360907543),
            Complex::new(-0.16165915640877812,-0.12052229635870886),
            Complex::new(-0.36959870527203936,0.16559321250668246),
            Complex::new(0.20564005450422734,0.00000000002816953705230837),
            ]));
        vector_of_cmat.push(CMatrix2::from_vec(row,col,vec![
            Complex::new(-0.08993698237788726,-0.0000000009221540514871022),
            Complex::new(0.07905601078972228,-0.2114303463924979),
            Complex::new(-0.0036096622209523927,0.22287977468927814),
            Complex::new(-0.1303901645554172,-0.02624225386575146),
            Complex::new(0.07905602367362859,0.21143033606998876),
            Complex::new(-0.30819601855098977,0.000000002134603316540493),
            Complex::new(-0.14702234983153117,-0.2863673389703806),
            Complex::new(-0.2106383032464808,0.1334780882504312),
            Complex::new(-0.003609668530712733,-0.22287976625438397),
            Complex::new(-0.14702235437526504,0.2863673361992032),
            Complex::new(0.2577378106587081,-0.0000000006262092099512398),
            Complex::new(-0.0012441689276202206,-0.3404717121919537),
            Complex::new(-0.13039016097190712,0.02624225900154593),
            Complex::new(-0.21063829843187185,-0.13347808334342984),
            Complex::new(-0.0012441668919083348,0.3404717077701388),
            Complex::new(0.1742889628677342,-0.0000000006479388655726455),
            ]));
        vector_of_cmat.push(CMatrix2::from_vec(row,col,vec![
            Complex::new(0.00000000028119039316085096,0.26074607404122563),
            Complex::new(0.042388713828288134,-0.07636874043138475),
            Complex::new(0.3180823086439665,-0.09724485629199586),
            Complex::new(-0.20841773253522217,0.07315901162349474),
            Complex::new(-0.042388710736792366,-0.07636873658808249),
            Complex::new(-0.0000000006185227845795577,0.5874535687218336),
            Complex::new(-0.1061621774149547,0.10333971131145872),
            Complex::new(0.19501011604315144,-0.079753014928146),
            Complex::new(-0.31808231117591834,-0.09724485816133921),
            Complex::new(0.10616217826920123,0.1033397099085114),
            Complex::new(0.00000000017017123128657242,-0.3138380023590304),
            Complex::new(-0.06967863825630685,-0.030899516031013777),
            Complex::new(0.20841773101123218,0.07315901269472287),
            Complex::new(-0.19501011748630198,-0.07975301345894507),
            Complex::new(0.06967863958885027,-0.030899515469436686),
            Complex::new(0.00000000018413437351837956,0.10006763819027713),
            ]));
        vector_of_cmat.push(CMatrix2::from_vec(row,col,vec![
            Complex::new(-0.4045165672604873,0.0000000037485647778854426),
            Complex::new(0.06778615986043285,0.18935838302189534),
            Complex::new(0.202033969508411,0.03470602855859634),
            Complex::new(-0.03238395924909049,-0.11021946064851756),
            Complex::new(0.0677861085084757,-0.18935834202118818),
            Complex::new(0.004533570983012689,-0.000000008322512459462622),
            Complex::new(0.07283666273725597,0.08122033702511917),
            Complex::new(0.02241932443689419,-0.12782732663653612),
            Complex::new(0.2020339944532015,-0.034706062175289216),
            Complex::new(0.0728366807643785,-0.08122032598382392),
            Complex::new(-0.6064403593344125,0.000000002424894655266523),
            Complex::new(0.1643519898306616,0.09201281138504483),
            Complex::new(-0.0323839733284322,0.11021944021402337),
            Complex::new(0.02241930519455272,0.12782730696601272),
            Complex::new(0.16435198163799133,-0.09201279382207105),
            Complex::new(-0.38573255494189396,0.0000000026596093222284737),
            ]));
        vector_of_cmat.push(CMatrix2::from_vec(row,col,vec![
            Complex::new(-0.3207959323089989,0.000000000986566325687099),
            Complex::new(0.0984210325718932,0.004580460195854799),
            Complex::new(0.06150170754340685,-0.05888316954302089),
            Complex::new(-0.10397225317280959,-0.133433224382506),
            Complex::new(0.09842101785055866,-0.004580448383560897),
            Complex::new(0.37624102915070173,-0.0000000024463573004838653),
            Complex::new(0.47197125378150767,0.06589842586235468),
            Complex::new(0.003174961345693224,-0.23062519594422512),
            Complex::new(0.06150171478769804,0.05888315996458268),
            Complex::new(0.4719712589095187,-0.0658984227058773),
            Complex::new(0.3091414210400409,0.000000000635745286860809),
            Complex::new(0.015113732186652998,0.0003262198694708228),
            Complex::new(-0.1039722572734569,0.13343321846408115),
            Complex::new(0.0031749558244070697,0.23062519025590167),
            Complex::new(0.015113729774188898,-0.00032621477005562806),
            Complex::new(-0.08813669557249225,0.000000000716266481441007),
            ]));

########## com #########
[-0.04729742352367122+-0.000000000010083295309826212j,-0.2021359207863654+-0.16223319000997072j,0.05711154711671189+0.042037874225358485j,-0.0524320806451008+-0.1122129413720727j,-0.20213592079050677+0.1622331900010798j,-0.1550469755011693+0.000000000003909012002978329j,-0.06163225876071972+0.03697270908643911j,-0.16760968798065887+0.15699081633201672j,0.05711154712737747+-0.042037874221339804j,-0.06163225877298917+-0.03697270908712484j,0.24573472566905397+0.0000000000029315716520983415j,0.007532551481188908+-0.3308751990199422j,-0.05243208064980611+0.11221294137945868j,-0.1676096880006286+-0.15699081633103915j,0.007532551495799082+0.33087519903190904j,-0.043390326644213426+0.0000000000032426977769617338j,]
######### rust code of com #######
CMatrix2::from_vec(row,col,vec![
            Complex::new(-0.04729742352367122,-0.000000000010083295309826212),
            Complex::new(-0.2021359207863654,-0.16223319000997072),
            Complex::new(0.05711154711671189,0.042037874225358485),
            Complex::new(-0.0524320806451008,-0.1122129413720727),
            Complex::new(-0.20213592079050677,0.1622331900010798),
            Complex::new(-0.1550469755011693,0.000000000003909012002978329),
            Complex::new(-0.06163225876071972,0.03697270908643911),
            Complex::new(-0.16760968798065887,0.15699081633201672),
            Complex::new(0.05711154712737747,-0.042037874221339804),
            Complex::new(-0.06163225877298917,-0.03697270908712484),
            Complex::new(0.24573472566905397,0.0000000000029315716520983415),
            Complex::new(0.007532551481188908,-0.3308751990199422),
            Complex::new(-0.05243208064980611,0.11221294137945868),
            Complex::new(-0.1676096880006286,-0.15699081633103915),
            Complex::new(0.007532551495799082,0.33087519903190904),
            Complex::new(-0.043390326644213426,0.0000000000032426977769617338),
            ])
######### gs_com #########
[0.03260005546032281+0.04687929763378074j,0.5043922316645122+0.03834895380317543j,-0.30282232690307176+-0.10475832216470575j,0.002630817773623646+-0.1901735128025948j,-0.1480918886979606+0.48343458564335023j,-0.07066827353304203+-0.10490028234684214j,-0.06582696806214706+0.14995241686410166j,0.039799523348403344+-0.20943003337951413j,0.013765923793122959+-0.3221109543073979j,0.16367106320724903+-0.007616484452859728j,0.020395055151125233+0.03126253223580456j,0.12775184541058035+0.07859056774374436j,-0.17717747878412612+-0.06972853480485831j,-0.20582690142554427+-0.04037236701487824j,0.02390696477781713+0.14472660894864264j,0.02332852332536593+0.03339275414597114j,]
thread 'gsim::dla::test_dla::test_get_dla' panicked at src/gsim/dla.rs:373:25:
gs_com is not vertical against old
note: run with `RUST_BACKTRACE=1` environment variable to display a backtrace


failures:
    gsim::dla::test_dla::test_get_dla

test result: FAILED. 5 passed; 1 failed; 0 ignored; 0 measured; 0 filtered out; finished in 0.01s

error: test failed, to rerun pass `--lib`
