---- gsim::rep::test_rep::make_new_base_test stdout ----
thread 'gsim::rep::test_rep::make_new_base_test' panicked at src/gsim/rep.rs:92:9:
ham_a 
  ┌                               ┐
  │   -0.1+0i  0.2-0.8i -0.3+0.4i │
  │  0.2+0.8i   -0.1+0i  0.8-0.1i │
  │ -0.3-0.4i  0.8+0.1i   -0.1+0i │
  └                               ┘

, 
ham_b 
  ┌                               ┐
  │    0.8+0i -0.3+0.9i -0.1-0.6i │
  │ -0.3-0.9i   -0.6+0i -0.4+0.3i │
  │ -0.1+0.6i -0.4-0.3i      1+0i │
  └                               ┘


newbse 
  ┌                                                                                                                      ┐
  │                  -27833752.81107364+0i  10437657.304152615-31312971.91245785i  3479219.1013842025+20875314.60830523i │
  │  10437657.304152615+31312971.91245785i                  20875314.608305227+0i 13916876.405536823-10437657.304152614i │
  │  3479219.1013842025-20875314.60830523i 13916876.405536823+10437657.304152614i                 -34792191.013842046+0i │